package scalaclean.test.rules.privatiser.p1

object Private1 extends App {
  //some private[this] elements
  //can't detect [this] though so should be private

  private val a = 1
  private def b = 2
  private var c = 3
  a+b+c


  private val d = 1
  private def e = 2
  private var f = 3
  d+e+f
}
