package scalaclean.test.overriddenBy.internalDirectOverriddenBy

trait GrandParentTrait {
  def d1: Int/* internalTransitiveOverriddenBy(<root>/scalaclean/test/overriddenBy/internalDirectOverriddenBy/GrandParentTrait#/{M}d1().) - <root>/scalaclean/test/overriddenBy/internalDirectOverriddenBy/Class_ChildTrait#/{M}d1(). :: <root>/scalaclean/test/overriddenBy/internalDirectOverriddenBy/Object_ChildTrait./{{Local-Pos[56/1]#####}}. :: <root>/scalaclean/test/overriddenBy/internalDirectOverriddenBy/Object_ChildTrait/{M}d1(). :: <root>/scalaclean/test/overriddenBy/internalDirectOverriddenBy/Trait_ChildTrait#/{M}d1(). */
  def d2(a:Int): Int/* internalTransitiveOverriddenBy(<root>/scalaclean/test/overriddenBy/internalDirectOverriddenBy/GrandParentTrait#/{M}d2(scala.Int).) - <root>/scalaclean/test/overriddenBy/internalDirectOverriddenBy/Class_ChildTrait#/{M}d2(scala.Int). :: <root>/scalaclean/test/overriddenBy/internalDirectOverriddenBy/Object_ChildTrait./{{Local-Pos[56/1]#####}}. :: <root>/scalaclean/test/overriddenBy/internalDirectOverriddenBy/Object_ChildTrait/{M}d2(scala.Int). :: <root>/scalaclean/test/overriddenBy/internalDirectOverriddenBy/Trait_ChildTrait#/{M}d2(scala.Int). */
  def d2a(a:Int)(b:Int): Int/* internalTransitiveOverriddenBy(<root>/scalaclean/test/overriddenBy/internalDirectOverriddenBy/GrandParentTrait#/{M}d2a(scala.Int)(scala.Int).) - <root>/scalaclean/test/overriddenBy/internalDirectOverriddenBy/Class_ChildTrait#/{M}d2a(scala.Int)(scala.Int). :: <root>/scalaclean/test/overriddenBy/internalDirectOverriddenBy/Object_ChildTrait./{{Local-Pos[56/1]#####}}. :: <root>/scalaclean/test/overriddenBy/internalDirectOverriddenBy/Object_ChildTrait/{M}d2a(scala.Int)(scala.Int). :: <root>/scalaclean/test/overriddenBy/internalDirectOverriddenBy/Trait_ChildTrait#/{M}d2a(scala.Int)(scala.Int). */
  def d3()(): Int/* internalTransitiveOverriddenBy(<root>/scalaclean/test/overriddenBy/internalDirectOverriddenBy/GrandParentTrait#/{M}d3()().) - <root>/scalaclean/test/overriddenBy/internalDirectOverriddenBy/Class_ChildTrait#/{M}d3()(). :: <root>/scalaclean/test/overriddenBy/internalDirectOverriddenBy/Object_ChildTrait./{{Local-Pos[56/1]#####}}. :: <root>/scalaclean/test/overriddenBy/internalDirectOverriddenBy/Object_ChildTrait/{M}d3()(). :: <root>/scalaclean/test/overriddenBy/internalDirectOverriddenBy/Trait_ChildTrait#/{M}d3()(). */

}
trait ParentTrait extends GrandParentTrait {
  def d3(): () => Int = ???/* internalTransitiveOverriddenBy(<root>/scalaclean/test/overriddenBy/internalDirectOverriddenBy/ParentTrait#/{M}d3().) - <root>/scalaclean/test/overriddenBy/internalDirectOverriddenBy/ChildTrait#/{M}d3(). */
}
trait ChildTrait extends ParentTrait {
  override def d3(): () => Int = ???
  def d2a(a:Int) = d2 _

}
trait Trait_ChildTrait extends ParentTrait {
  override def equals(obj: Any): Boolean = super.equals(obj)

  override def clone(): AnyRef = super.clone()

  override def toString: String = super.toString

  override def finalize(): Unit = super.finalize()

  override def hashCode(): Int = super.hashCode()

  override def d1: Int = ???

  override def d2(a: Int): Int = ???

  override def d2a(a: Int)(b: Int): Int = ???

  override def d3()(): Int = ???
}
class Class_ChildTrait extends ParentTrait {
  override def equals(obj: Any): Boolean = super.equals(obj)

  override def clone(): AnyRef = super.clone()

  override def toString: String = super.toString

  override def finalize(): Unit = super.finalize()

  override def hashCode(): Int = super.hashCode()

  override def d1: Int = ???

  override def d2(a: Int): Int = ???

  override def d2a(a: Int)(b: Int): Int = ???

  override def d3()(): Int = ???
}
object Object_ChildTrait extends ParentTrait {
  override def equals(obj: Any): Boolean = super.equals(obj)/* internalTransitiveOverriddenBy(<root>/scalaclean/test/overriddenBy/internalDirectOverriddenBy/Object_ChildTrait/{M}equals(scala.Any).) - <root>/scalaclean/test/overriddenBy/internalDirectOverriddenBy/Object_ChildTrait./{{Local-Pos[56/1]#####}}. :: <root>/scalaclean/test/overriddenBy/internalDirectOverriddenBy/Object_ChildTrait./{{Local-Pos[56/1]#####}}. */

  override def clone(): AnyRef = super.clone()/* internalTransitiveOverriddenBy(<root>/scalaclean/test/overriddenBy/internalDirectOverriddenBy/Object_ChildTrait/{M}clone().) - <root>/scalaclean/test/overriddenBy/internalDirectOverriddenBy/Object_ChildTrait./{{Local-Pos[56/1]#####}}. */

  override def toString: String = super.toString/* internalTransitiveOverriddenBy(<root>/scalaclean/test/overriddenBy/internalDirectOverriddenBy/Object_ChildTrait/{M}toString().) - <root>/scalaclean/test/overriddenBy/internalDirectOverriddenBy/Object_ChildTrait./{{Local-Pos[56/1]#####}}. :: <root>/scalaclean/test/overriddenBy/internalDirectOverriddenBy/Object_ChildTrait./{{Local-Pos[56/1]#####}}. */

  override def finalize(): Unit = super.finalize()/* internalTransitiveOverriddenBy(<root>/scalaclean/test/overriddenBy/internalDirectOverriddenBy/Object_ChildTrait/{M}finalize().) - <root>/scalaclean/test/overriddenBy/internalDirectOverriddenBy/Object_ChildTrait./{{Local-Pos[56/1]#####}}. */

  override def hashCode(): Int = super.hashCode()/* internalTransitiveOverriddenBy(<root>/scalaclean/test/overriddenBy/internalDirectOverriddenBy/Object_ChildTrait/{M}hashCode().) - <root>/scalaclean/test/overriddenBy/internalDirectOverriddenBy/Object_ChildTrait./{{Local-Pos[56/1]#####}}. :: <root>/scalaclean/test/overriddenBy/internalDirectOverriddenBy/Object_ChildTrait./{{Local-Pos[56/1]#####}}. */

  override def d1: Int = ???/* internalTransitiveOverriddenBy(<root>/scalaclean/test/overriddenBy/internalDirectOverriddenBy/Object_ChildTrait/{M}d1().) - <root>/scalaclean/test/overriddenBy/internalDirectOverriddenBy/Object_ChildTrait./{{Local-Pos[56/1]#####}}. */

  override def d2(a: Int): Int = ???/* internalTransitiveOverriddenBy(<root>/scalaclean/test/overriddenBy/internalDirectOverriddenBy/Object_ChildTrait/{M}d2(scala.Int).) - <root>/scalaclean/test/overriddenBy/internalDirectOverriddenBy/Object_ChildTrait./{{Local-Pos[56/1]#####}}. */

  override def d2a(a: Int)(b: Int): Int = ???/* internalTransitiveOverriddenBy(<root>/scalaclean/test/overriddenBy/internalDirectOverriddenBy/Object_ChildTrait/{M}d2a(scala.Int)(scala.Int).) - <root>/scalaclean/test/overriddenBy/internalDirectOverriddenBy/Object_ChildTrait./{{Local-Pos[56/1]#####}}. */

  override def d3()(): Int = ???/* internalTransitiveOverriddenBy(<root>/scalaclean/test/overriddenBy/internalDirectOverriddenBy/Object_ChildTrait/{M}d3()().) - <root>/scalaclean/test/overriddenBy/internalDirectOverriddenBy/Object_ChildTrait./{{Local-Pos[56/1]#####}}. */
}


//class GrandParentClass {
//
//  def foo: Unit = ()
//}
//class ParentClass extends GrandParentClass {
//}
//class ChildClass extends ParentClass{
//  def bar(x:Any): Unit = ()
//}
//
//object ClildObject extends ChildClass {
//  new Child().foo
//  new Child().bar(1)
//}
