package scalaclean.test.overrides.internalDirectOverrides

trait GrandParentTrait {
  def d1: Int
  def d2(a:Int): Int
  def d2a(a:Int)(b:Int): Int
  def d3()(): Int

}
trait ParentTrait extends GrandParentTrait {
  def d1: Int/* internalDirectOverrides(<root>/scalaclean/test/overrides/internalDirectOverrides/ParentTrait#/{M}d1().) - <root>/scalaclean/test/overrides/internalDirectOverrides/GrandParentTrait#/{M}d1(). */
  def d2(a: Int): Int = ???/* internalDirectOverrides(<root>/scalaclean/test/overrides/internalDirectOverrides/ParentTrait#/{M}d2(scala.Int).) - <root>/scalaclean/test/overrides/internalDirectOverrides/GrandParentTrait#/{M}d2(scala.Int). */
  def d3(): () => Int = ???
}
trait ChildTrait extends ParentTrait {
  def d1: Int = 1/* internalDirectOverrides(<root>/scalaclean/test/overrides/internalDirectOverrides/ChildTrait#/{M}d1().) - <root>/scalaclean/test/overrides/internalDirectOverrides/GrandParentTrait#/{M}d1(). :: <root>/scalaclean/test/overrides/internalDirectOverrides/ParentTrait#/{M}d1(). */
  override def d2(a: Int): Int = ???/* internalDirectOverrides(<root>/scalaclean/test/overrides/internalDirectOverrides/ChildTrait#/{M}d2(scala.Int).) - <root>/scalaclean/test/overrides/internalDirectOverrides/GrandParentTrait#/{M}d2(scala.Int). :: <root>/scalaclean/test/overrides/internalDirectOverrides/ParentTrait#/{M}d2(scala.Int). */
  override def d3(): () => Int = ???/* internalDirectOverrides(<root>/scalaclean/test/overrides/internalDirectOverrides/ChildTrait#/{M}d3().) - <root>/scalaclean/test/overrides/internalDirectOverrides/ParentTrait#/{M}d3(). */
  def d2a(a:Int) = d2 _

}
trait GChildTrait extends ChildTrait {
  override def d1: Int = 1/* internalDirectOverrides(<root>/scalaclean/test/overrides/internalDirectOverrides/GChildTrait#/{M}d1().) - <root>/scalaclean/test/overrides/internalDirectOverrides/ChildTrait#/{M}d1(). :: <root>/scalaclean/test/overrides/internalDirectOverrides/GrandParentTrait#/{M}d1(). :: <root>/scalaclean/test/overrides/internalDirectOverrides/ParentTrait#/{M}d1(). */
  override def d2(a: Int): Int = ???/* internalDirectOverrides(<root>/scalaclean/test/overrides/internalDirectOverrides/GChildTrait#/{M}d2(scala.Int).) - <root>/scalaclean/test/overrides/internalDirectOverrides/ChildTrait#/{M}d2(scala.Int). :: <root>/scalaclean/test/overrides/internalDirectOverrides/GrandParentTrait#/{M}d2(scala.Int). :: <root>/scalaclean/test/overrides/internalDirectOverrides/ParentTrait#/{M}d2(scala.Int). */
  override def d3(): () => Int = () => 1/* internalDirectOverrides(<root>/scalaclean/test/overrides/internalDirectOverrides/GChildTrait#/{M}d3().) - <root>/scalaclean/test/overrides/internalDirectOverrides/ChildTrait#/{M}d3(). :: <root>/scalaclean/test/overrides/internalDirectOverrides/ParentTrait#/{M}d3(). */

}
trait Trait_ChildTrait extends ParentTrait {
  override def equals(obj: Any): Boolean = super.equals(obj)

  override def clone(): AnyRef = super.clone()

  override def toString: String = super.toString

  override def finalize(): Unit = super.finalize()

  override def hashCode(): Int = super.hashCode()

  override def d1: Int = ???/* internalDirectOverrides(<root>/scalaclean/test/overrides/internalDirectOverrides/Trait_ChildTrait#/{M}d1().) - <root>/scalaclean/test/overrides/internalDirectOverrides/GrandParentTrait#/{M}d1(). :: <root>/scalaclean/test/overrides/internalDirectOverrides/ParentTrait#/{M}d1(). */

  override def d2(a: Int): Int = ???/* internalDirectOverrides(<root>/scalaclean/test/overrides/internalDirectOverrides/Trait_ChildTrait#/{M}d2(scala.Int).) - <root>/scalaclean/test/overrides/internalDirectOverrides/GrandParentTrait#/{M}d2(scala.Int). :: <root>/scalaclean/test/overrides/internalDirectOverrides/ParentTrait#/{M}d2(scala.Int). */

  override def d2a(a: Int)(b: Int): Int = ???/* internalDirectOverrides(<root>/scalaclean/test/overrides/internalDirectOverrides/Trait_ChildTrait#/{M}d2a(scala.Int)(scala.Int).) - <root>/scalaclean/test/overrides/internalDirectOverrides/GrandParentTrait#/{M}d2a(scala.Int)(scala.Int). */

  override def d3()(): Int = ???/* internalDirectOverrides(<root>/scalaclean/test/overrides/internalDirectOverrides/Trait_ChildTrait#/{M}d3()().) - <root>/scalaclean/test/overrides/internalDirectOverrides/GrandParentTrait#/{M}d3()(). */
}
class Class_ChildTrait extends ParentTrait {
  override def equals(obj: Any): Boolean = super.equals(obj)

  override def clone(): AnyRef = super.clone()

  override def toString: String = super.toString

  override def finalize(): Unit = super.finalize()

  override def hashCode(): Int = super.hashCode()

  override def d1: Int = ???/* internalDirectOverrides(<root>/scalaclean/test/overrides/internalDirectOverrides/Class_ChildTrait#/{M}d1().) - <root>/scalaclean/test/overrides/internalDirectOverrides/GrandParentTrait#/{M}d1(). :: <root>/scalaclean/test/overrides/internalDirectOverrides/ParentTrait#/{M}d1(). */

  override def d2(a: Int): Int = ???/* internalDirectOverrides(<root>/scalaclean/test/overrides/internalDirectOverrides/Class_ChildTrait#/{M}d2(scala.Int).) - <root>/scalaclean/test/overrides/internalDirectOverrides/GrandParentTrait#/{M}d2(scala.Int). :: <root>/scalaclean/test/overrides/internalDirectOverrides/ParentTrait#/{M}d2(scala.Int). */

  override def d2a(a: Int)(b: Int): Int = ???/* internalDirectOverrides(<root>/scalaclean/test/overrides/internalDirectOverrides/Class_ChildTrait#/{M}d2a(scala.Int)(scala.Int).) - <root>/scalaclean/test/overrides/internalDirectOverrides/GrandParentTrait#/{M}d2a(scala.Int)(scala.Int). */

  override def d3()(): Int = ???/* internalDirectOverrides(<root>/scalaclean/test/overrides/internalDirectOverrides/Class_ChildTrait#/{M}d3()().) - <root>/scalaclean/test/overrides/internalDirectOverrides/GrandParentTrait#/{M}d3()(). */
}
object Object_ChildTrait extends ParentTrait {
  override def equals(obj: Any): Boolean = super.equals(obj)

  override def clone(): AnyRef = super.clone()

  override def toString: String = super.toString

  override def finalize(): Unit = super.finalize()

  override def hashCode(): Int = super.hashCode()

  override def d1: Int = ???

  override def d2(a: Int): Int = ???

  override def d2a(a: Int)(b: Int): Int = ???

  override def d3()(): Int = ???
}


//class GrandParentClass {
//
//  def foo: Unit = ()
//}
//class ParentClass extends GrandParentClass {
//}
//class ChildClass extends ParentClass{
//  def bar(x:Any): Unit = ()
//}
//
//object ClildObject extends ChildClass {
//  new Child().foo
//  new Child().bar(1)
//}